Sep 06 03:44:54 gitops-control-plane systemd[1]: Starting containerd.service - containerd container runtime...
Sep 06 03:44:54 gitops-control-plane containerd[203]: time="2026-09-06T03:44:54Z" level=warning msg="Configuration migrated from version 2, use `containerd config migrate` to avoid migration" t="7.067µs"
Sep 06 03:44:54 gitops-control-plane containerd[203]: time="2026-09-06T03:44:54.750428749Z" level=info msg="starting containerd" revision=64b425cf570b3b8dd1d4cc46da7c1fce65c6651a version=v2.3.1
Sep 06 03:44:54 gitops-control-plane containerd[203]: time="2026-09-06T03:44:54.750498226Z" level=info msg="loading plugin" id=io.containerd.content.v1.content type=io.containerd.content.v1
Sep 06 03:44:54 gitops-control-plane containerd[203]: time="2026-09-06T03:44:54.750706314Z" level=warning msg="failed check for fsverity support" error="enable fsverity failed: operation not supported" path=/var/lib/containerd/io.containerd.content.v1.content
Sep 06 03:44:54 gitops-control-plane containerd[203]: time="2026-09-06T03:44:54.750724601Z" level=info msg="loading plugin" id=io.containerd.image-verifier.v1.bindir type=io.containerd.image-verifier.v1
Sep 06 03:44:54 gitops-control-plane containerd[203]: time="2026-09-06T03:44:54.750744007Z" level=info msg="loading plugin" id=io.containerd.internal.v1.opt type=io.containerd.internal.v1
Sep 06 03:44:54 gitops-control-plane containerd[203]: time="2026-09-06T03:44:54.750791372Z" level=info msg="loading plugin" id=io.containerd.warning.v1.deprecations type=io.containerd.warning.v1
Sep 06 03:44:54 gitops-control-plane containerd[203]: time="2026-09-06T03:44:54.750804779Z" level=info msg="loading plugin" id=io.containerd.event.v1.exchange type=io.containerd.event.v1
Sep 06 03:44:54 gitops-control-plane containerd[203]: time="2026-09-06T03:44:54.750830683Z" level=info msg="loading plugin" id=io.containerd.mount-handler.v1.erofs type=io.containerd.mount-handler.v1
Sep 06 03:44:54 gitops-control-plane containerd[203]: time="2026-09-06T03:44:54.750837710Z" level=info msg="loading plugin" id=io.containerd.snapshotter.v1.blockfile type=io.containerd.snapshotter.v1
Sep 06 03:44:54 gitops-control-plane containerd[203]: time="2026-09-06T03:44:54.750855885Z" level=info msg="skip loading plugin" error="no scratch file generator: skip plugin" id=io.containerd.snapshotter.v1.blockfile type=io.containerd.snapshotter.v1
Sep 06 03:44:54 gitops-control-plane containerd[203]: time="2026-09-06T03:44:54.750873092Z" level=info msg="loading plugin" id=io.containerd.snapshotter.v1.erofs type=io.containerd.snapshotter.v1
Sep 06 03:44:54 gitops-control-plane containerd[203]: time="2026-09-06T03:44:54.759573383Z" level=info msg="loading plugin" id=io.containerd.snapshotter.v1.native type=io.containerd.snapshotter.v1
Sep 06 03:44:54 gitops-control-plane containerd[203]: time="2026-09-06T03:44:54.759627737Z" level=info msg="loading plugin" id=io.containerd.snapshotter.v1.overlayfs type=io.containerd.snapshotter.v1
Sep 06 03:44:54 gitops-control-plane containerd[203]: time="2026-09-06T03:44:54.768144297Z" level=info msg="loading plugin" id=io.containerd.monitor.task.v1.cgroups type=io.containerd.monitor.task.v1
Sep 06 03:44:54 gitops-control-plane containerd[203]: time="2026-09-06T03:44:54.768510140Z" level=info msg="loading plugin" id=io.containerd.snapshotter.v1.fuse-overlayfs type=io.containerd.snapshotter.v1
Sep 06 03:44:54 gitops-control-plane containerd[203]: time="2026-09-06T03:44:54.768686861Z" level=info msg="loading plugin" id=io.containerd.metadata.v1.bolt type=io.containerd.metadata.v1
Sep 06 03:44:54 gitops-control-plane containerd[203]: time="2026-09-06T03:44:54.768725287Z" level=info msg="metadata content store policy set" policy=shared
Sep 06 03:44:54 gitops-control-plane containerd[203]: time="2026-09-06T03:44:54.769259455Z" level=info msg="loading plugin" id=io.containerd.gc.v1.scheduler type=io.containerd.gc.v1
Sep 06 03:44:54 gitops-control-plane containerd[203]: time="2026-09-06T03:44:54.769284436Z" level=info msg="loading plugin" id=io.containerd.server.v1.metrics type=io.containerd.server.v1
Sep 06 03:44:54 gitops-control-plane containerd[203]: time="2026-09-06T03:44:54.769289929Z" level=info msg="skip loading plugin" error="skip plugin" id=io.containerd.server.v1.metrics type=io.containerd.server.v1
Sep 06 03:44:54 gitops-control-plane containerd[203]: time="2026-09-06T03:44:54.769293665Z" level=info msg="loading plugin" id=io.containerd.tracing.processor.v1.otlp type=io.containerd.tracing.processor.v1
Sep 06 03:44:54 gitops-control-plane containerd[203]: time="2026-09-06T03:44:54.769326910Z" level=info msg="skip loading plugin" error="skip plugin: tracing endpoint not configured" id=io.containerd.tracing.processor.v1.otlp type=io.containerd.tracing.processor.v1
Sep 06 03:44:54 gitops-control-plane containerd[203]: time="2026-09-06T03:44:54.769332267Z" level=info msg="loading plugin" id=io.containerd.internal.v1.tracing type=io.containerd.internal.v1
Sep 06 03:44:54 gitops-control-plane containerd[203]: time="2026-09-06T03:44:54.769346110Z" level=info msg="skip loading plugin" error="skip plugin: tracing endpoint not configured" id=io.containerd.internal.v1.tracing type=io.containerd.internal.v1
Sep 06 03:44:54 gitops-control-plane containerd[203]: time="2026-09-06T03:44:54.769350584Z" level=info msg="loading plugin" id=io.containerd.nri.v1.nri type=io.containerd.nri.v1
Sep 06 03:44:54 gitops-control-plane containerd[203]: time="2026-09-06T03:44:54.769443602Z" level=info msg="built-in NRI default validator is disabled"
Sep 06 03:44:54 gitops-control-plane containerd[203]: time="2026-09-06T03:44:54.769456215Z" level=info msg="runtime interface created"
Sep 06 03:44:54 gitops-control-plane containerd[203]: time="2026-09-06T03:44:54.769458484Z" level=info msg="created NRI interface"
Sep 06 03:44:54 gitops-control-plane containerd[203]: time="2026-09-06T03:44:54.769461424Z" level=info msg="loading plugin" id=io.containerd.ttrpc.v1.otelttrpc type=io.containerd.ttrpc.v1
Sep 06 03:44:54 gitops-control-plane containerd[203]: time="2026-09-06T03:44:54.769471328Z" level=info msg="loading plugin" id=io.containerd.service.v1.containers-service type=io.containerd.service.v1
Sep 06 03:44:54 gitops-control-plane containerd[203]: time="2026-09-06T03:44:54.769487526Z" level=info msg="loading plugin" id=io.containerd.service.v1.content-service type=io.containerd.service.v1
Sep 06 03:44:54 gitops-control-plane containerd[203]: time="2026-09-06T03:44:54.769499491Z" level=info msg="loading plugin" id=io.containerd.differ.v1.erofs type=io.containerd.differ.v1
Sep 06 03:44:54 gitops-control-plane containerd[203]: time="2026-09-06T03:44:54.769569476Z" level=info msg="skip loading plugin" error="failed to check mkfs.erofs availability: failed to run mkfs.erofs --help: exec: \"mkfs.erofs\": executable file not found in $PATH: skip plugin" id=io.containerd.differ.v1.erofs type=io.containerd.differ.v1
Sep 06 03:44:54 gitops-control-plane containerd[203]: time="2026-09-06T03:44:54.769583268Z" level=info msg="loading plugin" id=io.containerd.mount-manager.v1.bolt type=io.containerd.mount-manager.v1
Sep 06 03:44:54 gitops-control-plane containerd[203]: time="2026-09-06T03:44:54.769677530Z" level=info msg="loading plugin" id=io.containerd.differ.v1.walking type=io.containerd.differ.v1
Sep 06 03:44:54 gitops-control-plane containerd[203]: time="2026-09-06T03:44:54.769692970Z" level=info msg="loading plugin" id=io.containerd.service.v1.diff-service type=io.containerd.service.v1
Sep 06 03:44:54 gitops-control-plane containerd[203]: time="2026-09-06T03:44:54.769703805Z" level=info msg="loading plugin" id=io.containerd.service.v1.images-service type=io.containerd.service.v1
Sep 06 03:44:54 gitops-control-plane containerd[203]: time="2026-09-06T03:44:54.769713505Z" level=info msg="loading plugin" id=io.containerd.service.v1.introspection-service type=io.containerd.service.v1
Sep 06 03:44:54 gitops-control-plane containerd[203]: time="2026-09-06T03:44:54.769718668Z" level=info msg="loading plugin" id=io.containerd.service.v1.namespaces-service type=io.containerd.service.v1
Sep 06 03:44:54 gitops-control-plane containerd[203]: time="2026-09-06T03:44:54.769722327Z" level=info msg="loading plugin" id=io.containerd.service.v1.snapshots-service type=io.containerd.service.v1
Sep 06 03:44:54 gitops-control-plane containerd[203]: time="2026-09-06T03:44:54.769725882Z" level=info msg="loading plugin" id=io.containerd.shim.v1.manager type=io.containerd.shim.v1
Sep 06 03:44:54 gitops-control-plane containerd[203]: time="2026-09-06T03:44:54.769730357Z" level=info msg="loading plugin" id=io.containerd.runtime.v2.task type=io.containerd.runtime.v2
Sep 06 03:44:54 gitops-control-plane containerd[203]: time="2026-09-06T03:44:54.769757816Z" level=info msg="loading plugin" id=io.containerd.service.v1.tasks-service type=io.containerd.service.v1
Sep 06 03:44:54 gitops-control-plane containerd[203]: time="2026-09-06T03:44:54.769765122Z" level=info msg="loading plugin" id=io.containerd.grpc.v1.containers type=io.containerd.grpc.v1
Sep 06 03:44:54 gitops-control-plane containerd[203]: time="2026-09-06T03:44:54.769777720Z" level=info msg="loading plugin" id=io.containerd.grpc.v1.content type=io.containerd.grpc.v1
Sep 06 03:44:54 gitops-control-plane containerd[203]: time="2026-09-06T03:44:54.769782713Z" level=info msg="loading plugin" id=io.containerd.grpc.v1.diff type=io.containerd.grpc.v1
Sep 06 03:44:54 gitops-control-plane containerd[203]: time="2026-09-06T03:44:54.769786415Z" level=info msg="loading plugin" id=io.containerd.grpc.v1.events type=io.containerd.grpc.v1
Sep 06 03:44:54 gitops-control-plane containerd[203]: time="2026-09-06T03:44:54.769789681Z" level=info msg="loading plugin" id=io.containerd.grpc.v1.images type=io.containerd.grpc.v1
Sep 06 03:44:54 gitops-control-plane containerd[203]: time="2026-09-06T03:44:54.769799663Z" level=info msg="loading plugin" id=io.containerd.grpc.v1.introspection type=io.containerd.grpc.v1
Sep 06 03:44:54 gitops-control-plane containerd[203]: time="2026-09-06T03:44:54.769803196Z" level=info msg="loading plugin" id=io.containerd.lease.v1.manager type=io.containerd.lease.v1
Sep 06 03:44:54 gitops-control-plane containerd[203]: time="2026-09-06T03:44:54.769806758Z" level=info msg="loading plugin" id=io.containerd.grpc.v1.leases type=io.containerd.grpc.v1
Sep 06 03:44:54 gitops-control-plane containerd[203]: time="2026-09-06T03:44:54.769810458Z" level=info msg="loading plugin" id=io.containerd.grpc.v1.mounts type=io.containerd.grpc.v1
Sep 06 03:44:54 gitops-control-plane containerd[203]: time="2026-09-06T03:44:54.769819017Z" level=info msg="loading plugin" id=io.containerd.grpc.v1.namespaces type=io.containerd.grpc.v1
Sep 06 03:44:54 gitops-control-plane containerd[203]: time="2026-09-06T03:44:54.769848918Z" level=info msg="loading plugin" id=io.containerd.sandbox.store.v1.local type=io.containerd.sandbox.store.v1
Sep 06 03:44:54 gitops-control-plane containerd[203]: time="2026-09-06T03:44:54.769860356Z" level=info msg="loading plugin" id=io.containerd.transfer.v1.local type=io.containerd.transfer.v1
Sep 06 03:44:54 gitops-control-plane containerd[203]: time="2026-09-06T03:44:54.769891818Z" level=info msg="loading plugin" id=io.containerd.cri.v1.images type=io.containerd.cri.v1
Sep 06 03:44:54 gitops-control-plane containerd[203]: time="2026-09-06T03:44:54.769944978Z" level=warning msg="Found 'DiscardUnpackedLayers' in CRI config which is incompatible with transfer service (not supported with transfer service). Falling back to local image pull mode."
Sep 06 03:44:54 gitops-control-plane containerd[203]: time="2026-09-06T03:44:54.769973757Z" level=info msg="Get image filesystem path \"/var/lib/containerd/io.containerd.snapshotter.v1.overlayfs\" for snapshotter \"overlayfs\""
Sep 06 03:44:54 gitops-control-plane containerd[203]: time="2026-09-06T03:44:54.769979989Z" level=info msg="Start snapshots syncer"
Sep 06 03:44:54 gitops-control-plane containerd[203]: time="2026-09-06T03:44:54.770018668Z" level=info msg="loading plugin" id=io.containerd.cri.v1.runtime type=io.containerd.cri.v1
Sep 06 03:44:54 gitops-control-plane containerd[203]: time="2026-09-06T03:44:54.771453923Z" level=warning msg="Ignoring unknown key in TOML for plugin" error="strict mode: fields in the document are missing in the target struct" key=tolerate_missing_hugepages_controller plugin=io.containerd.cri.v1.runtime
Sep 06 03:44:54 gitops-control-plane containerd[203]: time="2026-09-06T03:44:54.772273123Z" level=info msg="starting cri plugin" config="{\"containerd\":{\"defaultRuntimeName\":\"runc\",\"runtimes\":{\"runc\":{\"runtimeType\":\"io.containerd.runc.v2\",\"runtimePath\":\"\",\"PodAnnotations\":null,\"ContainerAnnotations\":null,\"options\":{\"BinaryName\":\"\",\"CriuImagePath\":\"\",\"CriuWorkPath\":\"\",\"IoGid\":0,\"IoUid\":0,\"NoNewKeyring\":false,\"Root\":\"\",\"ShimCgroup\":\"\",\"SystemdCgroup\":true},\"privileged_without_host_devices\":false,\"privileged_without_host_devices_all_devices_allowed\":false,\"cgroupWritable\":false,\"baseRuntimeSpec\":\"/etc/containerd/cri-base.json\",\"cniConfDir\":\"\",\"cniMaxConfNum\":0,\"snapshotter\":\"\",\"sandboxer\":\"podsandbox\",\"io_type\":\"\"},\"test-handler\":{\"runtimeType\":\"io.containerd.runc.v2\",\"runtimePath\":\"\",\"PodAnnotations\":null,\"ContainerAnnotations\":null,\"options\":{\"SystemdCgroup\":true},\"privileged_without_host_devices\":false,\"privileged_without_host_devices_all_devices_allowed\":false,\"cgroupWritable\":false,\"baseRuntimeSpec\":\"/etc/containerd/cri-base.json\",\"cniConfDir\":\"\",\"cniMaxConfNum\":0,\"snapshotter\":\"\",\"sandboxer\":\"podsandbox\",\"io_type\":\"\"}},\"ignoreBlockIONotEnabledErrors\":false,\"ignoreRdtNotEnabledErrors\":false},\"cni\":{\"binDir\":\"\",\"binDirs\":[\"/opt/cni/bin\"],\"confDir\":\"/etc/cni/net.d\",\"maxConfNum\":1,\"setupSerially\":false,\"confTemplate\":\"\",\"ipPref\":\"\",\"useInternalLoopback\":false},\"enableSelinux\":false,\"selinuxCategoryRange\":1024,\"maxContainerLogLineSize\":16384,\"disableApparmor\":false,\"restrictOOMScoreAdj\":false,\"disableProcMount\":false,\"unsetSeccompProfile\":\"\",\"tolerateMissingHugetlbController\":true,\"disableHugetlbController\":true,\"device_ownership_from_security_context\":false,\"ignoreImageDefinedVolumes\":false,\"netnsMountsUnderStateDir\":false,\"enableUnprivilegedPorts\":true,\"enableUnprivilegedICMP\":true,\"enableCDI\":true,\"cdiSpecDirs\":[\"/etc/cdi\",\"/var/run/cdi\"],\"drainExecSyncIOTimeout\":\"0s\",\"ignoreDeprecationWarnings\":null,\"statsCollectPeriod\":\"\",\"statsRetentionPeriod\":\"\",\"containerdRootDir\":\"/var/lib/containerd\",\"containerdEndpoint\":\"/run/containerd/containerd.sock\",\"rootDir\":\"/var/lib/containerd/io.containerd.grpc.v1.cri\",\"stateDir\":\"/run/containerd/io.containerd.grpc.v1.cri\"}"
Sep 06 03:44:54 gitops-control-plane containerd[203]: time="2026-09-06T03:44:54.772807717Z" level=info msg="loading plugin" id=io.containerd.podsandbox.controller.v1.podsandbox type=io.containerd.podsandbox.controller.v1
Sep 06 03:44:54 gitops-control-plane containerd[203]: time="2026-09-06T03:44:54.772869125Z" level=info msg="loading plugin" id=io.containerd.sandbox.controller.v1.shim type=io.containerd.sandbox.controller.v1
Sep 06 03:44:54 gitops-control-plane containerd[203]: time="2026-09-06T03:44:54.772908853Z" level=info msg="loading plugin" id=io.containerd.grpc.v1.sandbox-controllers type=io.containerd.grpc.v1
Sep 06 03:44:54 gitops-control-plane containerd[203]: time="2026-09-06T03:44:54.772917112Z" level=info msg="loading plugin" id=io.containerd.grpc.v1.sandboxes type=io.containerd.grpc.v1
Sep 06 03:44:54 gitops-control-plane containerd[203]: time="2026-09-06T03:44:54.772920860Z" level=info msg="loading plugin" id=io.containerd.grpc.v1.snapshots type=io.containerd.grpc.v1
Sep 06 03:44:54 gitops-control-plane containerd[203]: time="2026-09-06T03:44:54.772923807Z" level=info msg="loading plugin" id=io.containerd.streaming.v1.manager type=io.containerd.streaming.v1
Sep 06 03:44:54 gitops-control-plane containerd[203]: time="2026-09-06T03:44:54.772929128Z" level=info msg="loading plugin" id=io.containerd.grpc.v1.streaming type=io.containerd.grpc.v1
Sep 06 03:44:54 gitops-control-plane containerd[203]: time="2026-09-06T03:44:54.772936972Z" level=info msg="loading plugin" id=io.containerd.grpc.v1.tasks type=io.containerd.grpc.v1
Sep 06 03:44:54 gitops-control-plane containerd[203]: time="2026-09-06T03:44:54.772943717Z" level=info msg="loading plugin" id=io.containerd.grpc.v1.transfer type=io.containerd.grpc.v1
Sep 06 03:44:54 gitops-control-plane containerd[203]: time="2026-09-06T03:44:54.772948779Z" level=info msg="loading plugin" id=io.containerd.grpc.v1.version type=io.containerd.grpc.v1
Sep 06 03:44:54 gitops-control-plane containerd[203]: time="2026-09-06T03:44:54.772951864Z" level=info msg="loading plugin" id=io.containerd.grpc.v1.healthcheck type=io.containerd.grpc.v1
Sep 06 03:44:54 gitops-control-plane containerd[203]: time="2026-09-06T03:44:54.772955439Z" level=info msg="loading plugin" id=io.containerd.grpc.v1.cri type=io.containerd.grpc.v1
Sep 06 03:44:54 gitops-control-plane containerd[203]: time="2026-09-06T03:44:54.772963016Z" level=info msg="Connect containerd service"
Sep 06 03:44:54 gitops-control-plane containerd[203]: time="2026-09-06T03:44:54.772983595Z" level=info msg="using experimental NRI integration - disable nri plugin to prevent this"
Sep 06 03:44:54 gitops-control-plane containerd[203]: time="2026-09-06T03:44:54.773415961Z" level=warning msg="failed to load cni during init, please check CRI plugin status before setting up network for pods" error="cni config load failed: no network config found in /etc/cni/net.d: cni plugin not initialized: failed to load cni config"
Sep 06 03:44:54 gitops-control-plane containerd[203]: time="2026-09-06T03:44:54.785268560Z" level=info msg="loading plugin" id=io.containerd.server.v1.ttrpc type=io.containerd.server.v1
Sep 06 03:44:54 gitops-control-plane containerd[203]: time="2026-09-06T03:44:54.785311446Z" level=info msg="loading plugin" id=io.containerd.monitor.container.v1.restart type=io.containerd.monitor.container.v1
Sep 06 03:44:54 gitops-control-plane containerd[203]: time="2026-09-06T03:44:54.785329986Z" level=info msg="loading plugin" id=io.containerd.metrics.v1.grpc-prometheus type=io.containerd.metrics.v1
Sep 06 03:44:54 gitops-control-plane containerd[203]: time="2026-09-06T03:44:54.785349679Z" level=info msg="loading plugin" id=io.containerd.metrics.v1.grpc-otel type=io.containerd.metrics.v1
Sep 06 03:44:54 gitops-control-plane containerd[203]: time="2026-09-06T03:44:54.785357190Z" level=info msg="loading plugin" id=io.containerd.server.v1.grpc type=io.containerd.server.v1
Sep 06 03:44:54 gitops-control-plane containerd[203]: time="2026-09-06T03:44:54.785366471Z" level=info msg="Start subscribing containerd event"
Sep 06 03:44:54 gitops-control-plane containerd[203]: time="2026-09-06T03:44:54.785476605Z" level=info msg="Start stats collector"
Sep 06 03:44:54 gitops-control-plane containerd[203]: time="2026-09-06T03:44:54.785485729Z" level=info msg="Start recovering state"
Sep 06 03:44:54 gitops-control-plane containerd[203]: time="2026-09-06T03:44:54.788559331Z" level=warning msg="The image registry.k8s.io/pause:3.10 is not unpacked."
Sep 06 03:44:54 gitops-control-plane containerd[203]: time="2026-09-06T03:44:54.789013666Z" level=warning msg="The image docker.io/kindest/local-path-provisioner:v20260521-9fb22683 is not unpacked."
Sep 06 03:44:54 gitops-control-plane containerd[203]: time="2026-09-06T03:44:54.789118829Z" level=warning msg="The image registry.k8s.io/kube-apiserver:v1.36.1 is not unpacked."
Sep 06 03:44:54 gitops-control-plane containerd[203]: time="2026-09-06T03:44:54.789898800Z" level=warning msg="The image docker.io/kindest/local-path-helper:v20260131-7181c60a is not unpacked."
Sep 06 03:44:54 gitops-control-plane containerd[203]: time="2026-09-06T03:44:54.790036683Z" level=warning msg="The image sha256:e5e695fbdadac88d9ee437aaabe9419819eecf2b6e2eb26d8b0a27b747bc658a is not unpacked."
Sep 06 03:44:54 gitops-control-plane containerd[203]: time="2026-09-06T03:44:54.790294355Z" level=warning msg="The image import-2026-06-02@sha256:834d6b8414308aed626e67979c4665f21b3651e5d8d04ae68d960a4f844b4e81 is not unpacked."
Sep 06 03:44:54 gitops-control-plane containerd[203]: time="2026-09-06T03:44:54.790749154Z" level=warning msg="The image docker.io/kindest/kindnetd:v20260528-9350166c is not unpacked."
Sep 06 03:44:54 gitops-control-plane containerd[203]: time="2026-09-06T03:44:54.790814764Z" level=warning msg="The image registry.k8s.io/kube-scheduler:v1.36.1 is not unpacked."
Sep 06 03:44:54 gitops-control-plane containerd[203]: time="2026-09-06T03:44:54.790831945Z" level=warning msg="The image sha256:78282b5844742761f4b51b4dbc2103e5bda6c694fbacd5afe7dfa3b23b4e1590 is not unpacked."
Sep 06 03:44:54 gitops-control-plane containerd[203]: time="2026-09-06T03:44:54.790830372Z" level=warning msg="The image sha256:ee85eb1f0edd27fd11e3bed20f21a4001ad63107eb2f8d489429648a799c0e86 is not unpacked."
Sep 06 03:44:54 gitops-control-plane containerd[203]: time="2026-09-06T03:44:54.790884669Z" level=warning msg="The image registry.k8s.io/coredns/coredns:v1.14.2 is not unpacked."
Sep 06 03:44:54 gitops-control-plane containerd[203]: time="2026-09-06T03:44:54.791034692Z" level=warning msg="The image import-2026-06-02@sha256:77add4a58677c7fa1a02b42381a024adc860f8d6bbdf38a89d7f8803c116e43c is not unpacked."
Sep 06 03:44:54 gitops-control-plane containerd[203]: time="2026-09-06T03:44:54.791052615Z" level=warning msg="The image registry.k8s.io/kube-controller-manager:v1.36.1 is not unpacked."
Sep 06 03:44:54 gitops-control-plane containerd[203]: time="2026-09-06T03:44:54.791067499Z" level=warning msg="The image registry.k8s.io/kube-apiserver-amd64:v1.36.1 is not unpacked."
Sep 06 03:44:54 gitops-control-plane containerd[203]: time="2026-09-06T03:44:54.791102786Z" level=warning msg="The image sha256:873ed75102791e5b0b8a7fcd41606c92fcec98d56d05ead4ac5131650004c136 is not unpacked."
Sep 06 03:44:54 gitops-control-plane containerd[203]: time="2026-09-06T03:44:54.791174432Z" level=warning msg="The image sha256:e44e5463fce88882cdd5da8c626840ac5d980a30d322c3d4484009f548ba76de is not unpacked."
Sep 06 03:44:54 gitops-control-plane containerd[203]: time="2026-09-06T03:44:54.791275317Z" level=warning msg="The image sha256:38667dd9be96c17227adde456e33ad701bdbdc5c6db0272a1d33a929bd8e62d6 is not unpacked."
Sep 06 03:44:54 gitops-control-plane containerd[203]: time="2026-09-06T03:44:54.791338126Z" level=warning msg="The image sha256:315157c5c4d7605a3830b3cf84354bc5423830b9975769267eac2466d60036be is not unpacked."
Sep 06 03:44:54 gitops-control-plane containerd[203]: time="2026-09-06T03:44:54.791417971Z" level=warning msg="The image import-2026-06-02@sha256:3fb749e08554fac4cde5dc53397de761b92939d34ead7e3c89248a8bf5b621e4 is not unpacked."
Sep 06 03:44:54 gitops-control-plane containerd[203]: time="2026-09-06T03:44:54.791458708Z" level=warning msg="The image registry.k8s.io/kube-controller-manager-amd64:v1.36.1 is not unpacked."
Sep 06 03:44:54 gitops-control-plane containerd[203]: time="2026-09-06T03:44:54.791505737Z" level=warning msg="The image import-2026-06-02@sha256:48e12aa71c24cf624334ae6f0373f1e1b85825254085475eda149111a926e33c is not unpacked."
Sep 06 03:44:54 gitops-control-plane containerd[203]: time="2026-09-06T03:44:54.791615898Z" level=warning msg="The image sha256:b665198f31ae0e1bb7488858964d6f2a60e6052c1091d3e79f37108b29edbcc4 is not unpacked."
Sep 06 03:44:54 gitops-control-plane containerd[203]: time="2026-09-06T03:44:54.792011874Z" level=warning msg="The image registry.k8s.io/kube-proxy-amd64:v1.36.1 is not unpacked."
Sep 06 03:44:54 gitops-control-plane containerd[203]: time="2026-09-06T03:44:54.792021475Z" level=warning msg="The image registry.k8s.io/kube-scheduler-amd64:v1.36.1 is not unpacked."
Sep 06 03:44:54 gitops-control-plane containerd[203]: time="2026-09-06T03:44:54.792107136Z" level=warning msg="The image registry.k8s.io/kube-proxy:v1.36.1 is not unpacked."
Sep 06 03:44:54 gitops-control-plane containerd[203]: time="2026-09-06T03:44:54.792292644Z" level=warning msg="The image registry.k8s.io/etcd:3.6.8-0 is not unpacked."
Sep 06 03:44:54 gitops-control-plane containerd[203]: time="2026-09-06T03:44:54.792297131Z" level=warning msg="The image sha256:c2616bc3c695669d9cf234cb17fccbbb77931dded6e7aca9327ec596b8ba88f9 is not unpacked."
Sep 06 03:44:54 gitops-control-plane containerd[203]: time="2026-09-06T03:44:54.792541718Z" level=warning msg="The image sha256:19aa6a21b42cb57f6f76e0f3584d7dfec241a3f3568cd6590a2967c28d9cdce3 is not unpacked."
Sep 06 03:44:54 gitops-control-plane containerd[203]: time="2026-09-06T03:44:54.793162635Z" level=info msg="loading plugin" id=io.containerd.server.v1.grpc-tcp type=io.containerd.server.v1
Sep 06 03:44:54 gitops-control-plane containerd[203]: time="2026-09-06T03:44:54.793185690Z" level=info msg="skip loading plugin" error="skip plugin" id=io.containerd.server.v1.grpc-tcp type=io.containerd.server.v1
Sep 06 03:44:54 gitops-control-plane containerd[203]: time="2026-09-06T03:44:54.793190611Z" level=info msg="loading plugin" id=io.containerd.http.v1.pprof type=io.containerd.http.v1
Sep 06 03:44:54 gitops-control-plane containerd[203]: time="2026-09-06T03:44:54.793214084Z" level=info msg="loading plugin" id=io.containerd.server.v1.debug type=io.containerd.server.v1
Sep 06 03:44:54 gitops-control-plane containerd[203]: time="2026-09-06T03:44:54.793218256Z" level=info msg="skip loading plugin" error="skip plugin" id=io.containerd.server.v1.debug type=io.containerd.server.v1
Sep 06 03:44:54 gitops-control-plane containerd[203]: time="2026-09-06T03:44:54.793323912Z" level=info msg=serving... address=/run/containerd/containerd.sock.ttrpc
Sep 06 03:44:54 gitops-control-plane containerd[203]: time="2026-09-06T03:44:54.793370733Z" level=info msg="starting GRPC server" address=/run/containerd/containerd.sock gid=0 uid=0
Sep 06 03:44:54 gitops-control-plane containerd[203]: time="2026-09-06T03:44:54.793426085Z" level=info msg=serving... address=/run/containerd/containerd.sock
Sep 06 03:44:54 gitops-control-plane containerd[203]: time="2026-09-06T03:44:54.800294733Z" level=info msg="Start event monitor"
Sep 06 03:44:54 gitops-control-plane containerd[203]: time="2026-09-06T03:44:54.800331069Z" level=info msg="Start cni network conf syncer for default"
Sep 06 03:44:54 gitops-control-plane containerd[203]: time="2026-09-06T03:44:54.800335254Z" level=info msg="Start streaming server"
Sep 06 03:44:54 gitops-control-plane containerd[203]: time="2026-09-06T03:44:54.800340822Z" level=info msg="Registered namespace \"k8s.io\" with NRI"
Sep 06 03:44:54 gitops-control-plane containerd[203]: time="2026-09-06T03:44:54.800345163Z" level=info msg="runtime interface starting up..."
Sep 06 03:44:54 gitops-control-plane containerd[203]: time="2026-09-06T03:44:54.800347532Z" level=info msg="starting plugins..."
Sep 06 03:44:54 gitops-control-plane containerd[203]: time="2026-09-06T03:44:54.800359636Z" level=info msg="Synchronizing NRI (plugin) with current runtime state"
Sep 06 03:44:54 gitops-control-plane containerd[203]: time="2026-09-06T03:44:54.800472761Z" level=info msg="containerd successfully booted in 0.050678s"
Sep 06 03:44:54 gitops-control-plane systemd[1]: Started containerd.service - containerd container runtime.
